No video found for 12Riven  The PsiCliminal of Integral  PS2
No video found for ARessha de Ikou 2001  PS2
No video found for ARessha de Ikou Z  Mezase! Tairiku Oudan  PS1
No video found for AIII  ARessha de Ikou 3  PC Engine
No video found for A5  ARessha de Ikou 5  PS1
No video found for AFTERLOST Shoumetsu Toshi  Mobile
No video found for Amanatsu Aru Manatsu no Hajimete no Ohanashi  PC
No video found for Anekan  Oneechan Kansatsu Nikki  PC
No video found for Aquarius Baseball  Genkai no, sono saki he  Wii
No video found for Arcana Famiglia  La storia della Aracana Famiglia  Ancora  Vita
No video found for Athena no Kateiba  Family Game  PS1
No video found for Ayakashi Gohan  Oomori!  Vita
No video found for Ayakashi Yuukaku  Oiran Amabie Mindanshuu  PC
No video found for Bara no Ki ni Bara no Hanasaku  Das Versprechen  PS2
No video found for Bentou no Subarashisa o Ano 2Tabi 3Tabi  Vita
No video found for Biko  Yoru no Kaerimichi  PC
No video found for Bizarre de Gozarre no Game de Gozarre  PC Engine
No video found for BlueSkyBlue  Aki wo Mau Tsubasa  Dreamcast
No video found for Boku no Yumemiru Mirai  Mobile
No video found for Boku wa Mori Sekai no Kami Tonaru  Vita
No video found for Border Break Mobile  Shippuu no Gun Front  Mobile
No video found for Brandel no Mahoutsukai  Vita
No video found for Breath of Fire 6  Hakuryuu no Shugoshatachi  Mobile
No video found for Canvas 3  Tanshoku no Pastel  PS2
No video found for Capcom Generation 5  Dai 5 Shuu Kakutoukatachi  Saturn
No video found for Castle Fantasia 3 ~Erencia Senki~ Plus stories  PS2
No video found for Chanter  ~Kimi no Uta ga Todoitara#~  PS2
No video found for Chelseasan wa 7 no Majin o Bussatsu Saneba Naranai  Vita
No video found for Chouchou Jiken Rhapsodic  Vita
No video found for Confidential Money  300Hi de 3000Man Dol Kasegu Houhou  PSP
No video found for Cradle Song  Kinou ni Kanaderu Ashita no Uta  PC
No video found for Crayon Tulip  Chidori to Koruri no Yuuwaku Jugyou  PC
No video found for DSDal Segno  Vita
No video found for DIGICALIZED  Mobile
No video found for DRAMAtical Murder recode  Vita
No video found for Dainikai Imouto Senbatsu Sousenkyo  366ninme no Imouto Icha Love Gojitsudan   PC
No video found for Dakishimete Goshujinsama!  PC
No video found for Daredemo Shodan ni Nareru Igo Kyoushitsu  Vita
No video found for Dawn of Empire  Taejo Wang Geon Jegukui Achim  PC
No video found for Dear Magi Mahou Shounen Gakka  Switch
No video found for Dekoboko Densetsu  Hashiru Wagamanmar  PC Engine
No video found for Denpashounenteki Kenshouseikatsu Soft Nasubi no Heya  Dreamcast
No video found for Digital Keiba Shinbun  My Trackman  Dreamcast
No video found for Dorori Ama Ero Gohoushi Seikatsu!  PC
No video found for ECLIPSE Zettai Reido Keikaku Soushitsu Shoujo  PC
No video found for Eiga Sumikko Gurashi  Aoi Tsukiyo no Mahou no Ko  Game de Asobo! Eiga no Sekai  Switch
No video found for Eiga Sumikko Gurashi  Tobidasu Ehon to Himitsu no Ko  Game de Asobou! Ehon no Sekai  Switch
No video found for EikenOu  Jun2Kyuuhen  DS
No video found for Eisei Meijin VI  Tsuushin Shougi Club  PS2
No video found for Elminage DS Remix  Yami no Fuo to Kamigami no Yubiwa  DS
No video found for Enkaku Sousa  Shinjitsu e no 23 Nichikan  PSP
No video found for Enkan no Memoria  Kakera Tomoshi  Vita
No video found for FateDream Striker  Mobile
No video found for Feng Zhi Dalu   Mobile
No video found for FiguatMate  PC
No video found for Flowers  Fuyuhen  Vita
No video found for Flowers  Tokihen  Vita
No video found for Frayed Knights  The Skull of S'makhDaon  PC
No video found for Fukakutei Sekai no Tantei Shinshi  Akugyou Futaasa no Jiken File  PS2
No video found for Futari Gurashi no Jijou  Mei no Nichijou Hen  PC
No video found for GMode Archives + Mikuni Field Combat  Switch
No video found for Gaia Master Kessen! Seiki ou Densetsu  Dreamcast
No video found for Gakuen Club  Himitsu no Nightclub  Vita
No video found for Gakuen Heaven  Okawari! Boy's Love Attack!  PS2
No video found for Galfro ~Gal's Frontier~  PC
No video found for Gendai Daisenryaku 2016  Chitsujo no Houkai  Haken Kokka Shittsui  Vita
No video found for Gendai Daisenryaku 2020  Yureru Sekai Chitsujo! Taikoku no Yabou to Sekai Taisen  Switch
No video found for Genji Koi Emaki  Vita
No video found for Gensou Manege  Switch
No video found for Gensou Rougoku no Kaleidoscope  Switch
No video found for Geten no Hana with Yume Akari  Aizouban  Vita
No video found for Getsuei no Kusari  Sakuran Paranoia  Vita
No video found for Girl Friend Beta  Kimi to Sugosu Natsuyasumi  Vita
No video found for Girls Book Maker ~Grimm to Sannin no Ohimesama~  PC
No video found for Gisou Shoujo to Kyokou no Machi  Mobile
No video found for Glass Hime to Kagami no Juusha  Switch
No video found for Grandmarche no Meikyuu  Mobile
No video found for Grisaia Phantom Trigger Vol55  PC
No video found for Gunka o Haita Neko  Vita
No video found for Gunka o Haita Neko  Switch
No video found for Gyakumei Tsukai no Shounen  Mobile
No video found for Gyakuten Yoshiwara ~Ougiya Hen~ Switch
No video found for Hakuouki  Yuugi Roku  Taishitachi no Daienkai  Vita
No video found for Hana Oboro  Sengokuden Ranki  Vita
No video found for Hanabi Shokunin Ninarou 2  PS2
No video found for Hanayaka Nari, Wa ga Ichizoku  Gentou Nostalgie  Vita
No video found for Hanayaka Nari, Wa ga Ichizoku  Modern Nostalgie  Vita
No video found for Haru e to Tsuzuku Oka  PC
No video found for Harukanaru Toki no Naka de 3  Unmei no Labyrinth  PS2
No video found for Harukanaru Toki no Naka de 6  Gentou Rondo  Vita
No video found for Haruoto Alice Gram  Snow Drop  Vita
No video found for Heiligenstadt no Uta  Vita
No video found for Henshin!!!  Pantsu ni Natte Kunkun Peropero  PC
No video found for Higurashi no Naku Koro ni Kizuna  Dai1Kan  Tatari  DS
No video found for Higurashi no Naku Koro ni Kizuna  Dai2Kan  Sou  DS
No video found for Higurashi no Naku Koro ni Kizuna  Dai3Kan  Rasen  DS
No video found for Higurashi no Naku Koro ni Kizuna  Dai4Kan  Kizuna  DS
No video found for Hiiragi Sou ~Onaji Yane no Shita de~  PC
No video found for Hisshou Pachinko PachiSlot Kouryaku Series DS Vol 1  Shinseiki Evangelion  Magokoro wo, Kimi ni  DS
No video found for Hisshou Pachinko PachiSlot Kouryaku Series DS Vol 2  CR Shinseiki Evangelion  Shito, Futatabi  DS
No video found for Hisshou Pachinko PachiSlot Kouryaku Series DS Vol 3  Shinseiki Evangelion  Yakusoku no Toki  DS
No video found for Hisshou Pachinko PachiSlot Kouryaku Series DS Vol 5  Shinseiki Evangelion  Tamashii no Kiseki  DS
No video found for Hisshou Pachinko PachiSlot Kouryaku Series Vol 10  CR Shin Seiki Evangelion  Kiseki no Kachi wa  PS2
No video found for Hisshou Pachinko PachiSlot Kouryaku Series Vol 13 Shinseiki Evangelion  Yakusoku no Toki  PS2
No video found for Hisshou Pachinko PachiSlot Kouryaku Series Vol 3  CR Marilyn Monroe  PS2
No video found for Hokenshitsu no Sensei to Shabondama Chuudoku no Joshu  PC
No video found for Home Maid  Owari no Tachi  PS2
No video found for Hoshifuru  Hoshi no Furu Machi  PS2
No video found for Hoshigari Empusa  PS2
No video found for Hoshiiro no Okurimono  PS2
No video found for Hoshiyomi no Tsumugu Uta  PC
No video found for Hyakka Ryouran Elixir  Record of Torenia Revival  Vita
No video found for Hyakka Yakou  Vita
No video found for Hyakki Ryouran no Yakata x Kawarazakike no Ichizoku  PC
No video found for Ikemen Sengoku  Toki o Kakeru Koi  Aratanaru Deai  Vita
No video found for Ikemen Sengoku  Toki o Kakeru Koi  Aratanaru Deai  Switch
No video found for Ikemen Villains  Wrapped in Wicked Romance   Mobile
No video found for Imouto Neet Kousei Choukyou  PC
No video found for Imouto Piano  Oniichan no Ookina Tact de Rhythm o Kizande!   PC
No video found for Imouto Watashi Donna Koto Datte   PC
No video found for Inaho no Mirai DVDROM Edition  PC
No video found for Inu Kaisha DS  DS
No video found for Iyashi no Megami no Marmot  PC
No video found for Izumo 2  Gakuen Kyousoukyoku Double Tact  PS2
No video found for Izuna Zanshinken  PC
No video found for JangNavi Mahjong Online  Switch
No video found for Jansei Utahime Chrono Star  PSP
No video found for Jianxi Tianshi 2 Shuangzixing  PC
No video found for Justy x Nasty  Maou Hajime Mashita  Vita
No video found for Juujigen Rippoutai Cypher  Game of Survival  PS2
No video found for Kaeru Batake de Tsukamaete  Switch
No video found for Kaeru Batake de Tsukamete  Natsu Senbokuryou Sansen  PS2
No video found for Kagamihara  Justice  Switch
No video found for Kagi o Kakushita Kago no Tori  Bird in Cage Hiding the Key  PC
No video found for Kaiji VR  Zetsubou no Tekkotsu Watari  Switch
No video found for Kaiketsu  Osabakina  PS2
No video found for Kaitou Apricot Kanzenban  PS2
No video found for Kakuriyo no Saiyaku to Utsushiyo no Ikusabime ~Kirie Hen~  PC
No video found for Kaminazo  Mirai kara no Omoi de  Switch
No video found for Kamisama  Kazoku Ouen Ganbou  PS2
No video found for Kannagi no Mori Satsukiame Tsuzuri  Vita
No video found for Kao no nai Tsuki Select Story  PS2
No video found for Kardia Fantasy  Mamono Himetachi to Bouken Monogatari  Mobile
No video found for Kashimashi! Girl Meets Girl  Hajimete no Natsu Monogatari  PS2
No video found for Katahane  An' Call Belle  Vita
No video found for Katakamuna  Ushinawareta Ingaritsu  PS2
No video found for Keiken Zero na Classmate  Switch
No video found for Ken ga Kimi  Momoyo Tsuzuri  Vita
No video found for Kenka Bancho Otome  Kanzenmuketsu no My Honey  Vita
No video found for Keotoshi! Treasure Hunter!  Switch
No video found for Kiss Kara Hajimaru Gyaru no Koi  Kurumi no Uwasa to Honto no Kimochi  Switch
No video found for KissBell Let's sound the kissingbell of the promise  Switch
No video found for Kodomo ni Anshin Shite Ataerareru Game Series  Sekai Meisaku Douwa  Oyako de Yomeru Game Ehon Boukenhen + Princesshen  3DS
No video found for Koi no Hanasaku Hyakkaen  Switch
No video found for Koi wa Kousoku ni Shibararenai!  PSP
No video found for Koisuru Doll to Omoi no Kiseki  Poupee de Souhaits  PC
No video found for Koisuru Natsu no Last Resort  Sweetest Summer  PC
No video found for Kono Bushitsu wa Kitaku Shinai Bu ga Senkyo Shimashita Portable  Gakuen Dog Earhen  PSP
No video found for Kono Bushitsu wa Kitaku Shinai Bu ga Senkyo Shimashita Portable  Gakuen Summer Warshen  PSP
No video found for Kono Uta ga Owattara  When This Song is Over  Vita
No video found for Konohana Pack  3tsu no Jikenbo  PS2
No video found for Koroshiya to Strawberry  Vita
No video found for Koroshiya to Strawberry Plus  Switch
No video found for KouKyouSei Million Arthur  Mobile
No video found for Kyoto Kotoba RPG  Kotodaman  Mobile
No video found for Kyoukai no Shirayuki  Vita
No video found for LOVE QUIZ  Koisuru Shoujo no Final Answer  Vita
No video found for LaTale  Yumeiro Fantasy  Mobile
No video found for Last Escort 2  Shinya no Amai Toge  PS2
No video found for Last Period Owarinaki Rasen no Monogatari  Mobile
No video found for Linker Bell Academia  Rakudai Majo to Himitsu no Gishiki  PC
No video found for Little Hole  Ore no Musume ga Konna ni  na Hazu ga Nai  PC
No video found for Little Twins  Sugu ni Toriko ni Shite Ageru  PC
No video found for LonQ! Highland in DS  Pu Pu Seijin Arawaru!!  Shukketsu Dai Service! Onara no Saiten SP  DS
No video found for Love of Ren'ai Koutei of LOVE!  Vita
No video found for LoveCom  Punch de Court  PS2
No video found for MEGAMAN ZX PREQUEL v1114   PC
No video found for Mahjong Sengen  Saken de Ron  PS2
No video found for Mai x Mai  Sunao ni Narenai Imoutotachi to no Ecchi na Kyoudou Seikatsu  PC
No video found for MajiKyun! Renaissance  Vita
No video found for MajiTan  Maji de Tenshi o Sakutte Mita  Xbox 360
No video found for Majin Tantei Nougami Neuro  Battle de Yo!  PS2
No video found for Majo no Potion ~ Water Sort Puzzle ~  Switch
No video found for Majokko de'GO♪GO♪ ~Paul to Mira☆cle Daisakusen~  PC
No video found for Makai Ouji  Devils and Realist  Dairiou no Hihou  3DS
No video found for Maou to 100nin no Ohimesama  Mobile
No video found for Mashiro Iro Symphony  mutsunohana  PSP
No video found for Meiji Katsugeki High Kara Ryuuseikumi  Seihai Shimaseu, Yonaoshi Kagyou  Switch
No video found for Meitantei Conan Skateboard Run  Kaitou Kid to Shinpi no Hihou  Switch
No video found for Memories Off After Rain Vol 1  Oridzuru  PS2
No video found for Migite ga Tomaranai Boku to, Osananajimi no Shimai  PC
No video found for Minna de Dokusho  Genji Monogatari Chottodake Bungaku  PSP
No video found for Minna de Dokusho  Meisaku & Suiri & Kaidan & Bungaku  PSP
No video found for Minna de Dokusho  Torimonochou  PSP
No video found for Mizu no Kakera ~Once Summer of Islet~ Origin  PC
No video found for Mizu no Senritsu 2  Hi no Kioku  PS2
No video found for Moesta  Moeru Toudai Eigojuku  DS
No video found for Mojimoji Chibikko Mahou Gakuen  Itaku Shicha Iyada yo  PC
No video found for Monster wo Taoshite Tsuyoi Ken ya Yoroi wo Te ni Shinasai Shindemo Akiramezu ni Tsuyoku Narinasai Yuusha Tai ga Maou wo Taosu  Switch
No video found for Morita no Saikyou Reversi  Dreamcast
No video found for Moshi, Kono Sekai ni Kamisama ga Iru to suru Naraba  Vita
No video found for MoujuuTachi to Ohimesama  Vita
No video found for Mousou Kagaku ADV Chaos;Child  Switch
No video found for Mousou Speaker  H na Mousou ga Kikoete Kuru yo  PC
No video found for My Love  Chaos Daejakjeon  PC
No video found for My Next Life as a Villainess  All Routes Lead to Doom!  Pirates that Stir the Waters  Switch
No video found for Mystereet  Yasogami Kaoru no Jiken File  PS2
No video found for NOeSIS  Uso o Tsuita Kioku no Monogatari  Mobile
No video found for NOeSIS Utau Kage no Gikyoku  Mobile
No video found for NOeSIS 02  Uka  Mobile
No video found for Naisho no Yorimichi  PC
No video found for Najavu no Daibouken  My Favorite Namjatown  PS1
No video found for Namaiki Datta, Akanechan  47sai Mushoku Kimodebu ga Shiiku Shite Tokunou Sex ni Hamarasechau Nikki  PC
No video found for Nanami to Konomi no Oshiete ABC  PC
No video found for Nanatsuiro Drops DS  Touch de Hajimaru Hatsukoi Monogatari  DS
No video found for Nascence The Tie Of Heaven  TianDi Jie Wai Zhang Huan Shen Jie  PC
No video found for Natsu Ecchi  Mei to Inaka no Natsuyasumi  PC
No video found for Natsu Iro Mikan  Ecchi na Shoujo to Shitataru Nioi  PC
No video found for Natsu Shoujo  Promised Summer  PS2
No video found for Natsuiro  Hoshikuzu no Memory  PS2
No video found for Natsuyume Yobanashi Yawa  PS2
No video found for Nekketsu Inou Bukatsu  Trigger Kiss  Vita
No video found for Nelke to Densetsu no Renkinjutsushi Tachi ~Aratana Daichi no Atelier~  Vita
No video found for Neptunia re★Verse   PS5
No video found for Niizuma wa Sailor Fuku  PC
No video found for Nijiiro Kanojo  Mobile
No video found for Nil Admirari no Tenbin  Irodori Nadeshiko  Switch
No video found for Nogizaka Haruka no Himitsu  Doujinshi Hajime Mashita  PSP
No video found for Nora to Koujo to Noraneko Heart  Vita
No video found for Norinori Relakkuma  Hit Song Ongakusai  DS
No video found for Norn + Nonette Act Tune  Vita
No video found for North Wind  Eien no Yakusoku  PS2
No video found for Nozomi Kanaetamae  Daydream Reconstruct  PSP
No video found for Ojousama to Aware na  Shitsuji  PC
No video found for Omoshiro Action Ii Otonatachi no Daibouken  Switch
No video found for Onsei Ninshiki Mahjong  Jahmang  Dreamcast
No video found for Oogami Ichirou Funtouki  Sakura Taisen Kayou Show ''Kurenai Sekiek'' Yori  Dreamcast
No video found for Oppai Chiisakute Nani ga Warui no sa!  PC
No video found for Ore ga Kantoku da! Gekitou Pennant Race  PS2
No video found for Osanasugiru Katei Kyoushi  PC
No video found for Osanasugiru Osanazuma  Omukaisan ni Damasarete  PC
No video found for Oshiete! Yuiko Sensei   o Oboeru Otona no Seikyouiku Lesson!!  PC
No video found for Oshikake Scramble  Ano Ko to Watashi, Docchi o Erabu no  PC
No video found for Otama!  Otaku Nakama wa Chikkoi Mania   PC
No video found for Otoko Yuukaku  Vita
No video found for Otome Renshin Prister Fandisc  Motto H ni Koi Seyo Otome!  PC
No video found for Otome Riron to Sono Shuuhen  Bon Voyage  Vita
No video found for Otometeki Koi Kakumei  Love Revo!! 100kg KarahajimaruKoimonogatari  PSP
No video found for Ouka Kokoro Kagayakaseru Sakura  PS2
No video found for Ouka Sabaki Zan  Vita
No video found for Ouma ga Toki  Kakuriyo no Enishi  Vita
No video found for Oyako de Asoberu DS Ehon  Ukkari Penelope  DS
No video found for PING 15+ Nami Tentou Mushi) Wii U
No video found for PachiSlot Kanzen Kouryaku  Gigazone  The Meteor Strike  PS2
No video found for Pachinko no Dendou CR Nanashii  Dreamcast
No video found for Pachislot Gyakuten Saiban  Mobile
No video found for Parodion  Auto Crusher Palladium  PC Engine
No video found for Pia Carrot e Youkoso!! 4  Natsu no Koikatsu  Xbox 360
No video found for Pixel Game Maker Series Osyaberi! Horijo! Holin Slash  Switch
No video found for Piyotan  Oyashiki Sennyuu Daisakusen!  PS2
No video found for Pizzicato Polka  Suisei Genya  PS2
No video found for Poi! Hito Natsu no Keiken!  PS2
No video found for Police X Heroine Lovepatrina! Love na Rhythm de Taiho Shimasu!  Switch
No video found for PriPri Chichan! PriPri DecoRoom!  3DS
No video found for Primopuel  Oshaberi Heartner  PS2
No video found for Pro Yakyuu Team o Tsokouru! 3  PS2
No video found for Project Discovery  Daidai Daisuki!  Vita
No video found for Quiz Ah! Megamisama  Tatakau Tsubasa Totomo Ni  Dreamcast
No video found for Quiz Present Variety QSama!! DS  Pressure Study x Atama Ga Yokunaru Drill SP  DS
No video found for REC  DokiDoki Seiyuu Paradise  PS2
No video found for Raimuiro Senkitan Jun  Meiji Nihon, Otome Sakimorisu  PS2
No video found for Ranshima Monogatari Rare Land Story  Shoujo no Yakujou Remake  Switch
No video found for Rasen Reijoh Spiral Ojousama Chohatsu no Makina  Switch
No video found for ReiJinGLuP  Vita
No video found for Remyuouru no Renkinjutsushi  DS
No video found for Renai Banchou  Inochi Meishi, Koiseyo Otome! Love is Power!!!  PSP
No video found for Renai Banchou 2  Midnight Lesson!!!  PSP
No video found for Renshin no Astral  Mobile
No video found for Retro Mystery Club Vol 1  The IseShima Case Ise Shima Mystery Annai  Itsuwari no Kuro Shinju]  Switch
No video found for Rinne no Lagrange  Kamogawa Days Game & OVA Hybrid Disc  PS3
No video found for Root Double  Before Crime ∗ After Days  Xtend Edition  Switch
No video found for Saishuu Shiken Kujira  Alive  PS2
No video found for Sangoku Hime 4  Tenka Ryouran  Tenmei no Koi Emaki  Vita
No video found for Sangoku Koi Senki  Otome no Heihou!  PS2
No video found for Sangoku Rensenki  Otome no Heihou!  PS2
No video found for Sangoku Rensenki  Otome no Heihou!  Vita
No video found for Sangoku Rensenki  Otome no Heihou! Omoide Gaeshi  CS Edition  Vita
No video found for Sangoku Rensenki ~Omoide Gaeshi~ & Gakuen Rensenki  Switch
No video found for Sanyo Pachinko Paradise 11  Shin Umi to Saraba Gintama no Ookami  PS2
No video found for Sanyo Pachinko Paradise 3  Wanwan Daikoushin  PS1
No video found for Sanyo Pachinko Paradise 4  Sushiya da Gensan!!  PS1
No video found for Sanyo Pachinko Paradise 9  Shin Umi Okawari!  PS2
No video found for Satomi ~Yami no Kyouzou~  PC
No video found for School Rumble  Neruko wa Sodatsu  PS2
No video found for Sdorica Puzzle Tactical RPG v 341  Mobile
No video found for Seiken Tsukai no Proposition Proposition to the Holy Key Contractant  PC
No video found for Seitokai no Ichizon  DSsuru Seitokai  DS
No video found for Sekai Fushigi Hakken! Troia  Mystery Adventure 1183 BC  Dreamcast
No video found for Sekai de Ichiban NG na Koi  Full House  PSP
No video found for Semerare  Imouto de Kanjiru nante, Oniichan wa Hentai Nanda ne  PC
No video found for Sengo Muramasa DX  Guren no Kettou  PS4
No video found for Sengoku Hime 4  Souha Hyakkei Hana Mamoru Chikai  Vita
No video found for Sengoku Hime 5  Senkatatsu Haoh no Keifu  Vita
No video found for Sengoku Hime 5  Senkatatsu Haou no Keifu  PS4
No video found for Sengoku TURB  Fanfan I Love me Duncedoublentendre  Dreamcast
No video found for Sengoku TURB Fanfan I love me Dancedoubletendre  Dreamcast
No video found for Shadowrun Returns + Shadowrun Dragonfall v22010  PC
No video found for Shimai Kyoushi Donburi  The sexy class of the sister teachers  PC
No video found for Shin Master of Monsters Final EX  Mukunaru Nageki, Tenmei no Saika  PS2
No video found for Shinobi, Koi Utsutsu  Kanmitsu Hana Emaki  Vita
No video found for Shinobi, Koi Utsutsu  Setsugetsuka Koi Emaki  Vita
No video found for Shinsouhan Heart no Kuni no Alice  Wonderful Wonder World  PSP
No video found for Shinsouhan Heart no Kuni no Alice  Wonderful Wonder World  Vita
No video found for Shinya Ichizoku The Battle for Hokkaido's Delicious Foods  Switch
No video found for Shitsuji ga Aruji o Erabu Toki  Vita
No video found for Shoujo Slave  Ojousama wa Katei Kyoushi no Seieki Ningyou  PC
No video found for Shoujo Yoshitsuneden Ni  Toki wo Koeru Chigiri  PS2
No video found for Shoujo Yoshitsunejong  Benkei no Naki Dokoro  PS2
No video found for Shounen Onmyouji  Tsubasa yo Ima, Sora e Kaere  PS2
No video found for Shuuchuu Chiryoushitsu  PC
No video found for Sidonia no Kishi   Shoui no Kizuna  Mobile
No video found for Silver Norrnir   Switch
No video found for Simple 2000 Series Ultimate Vol 25  Chou Saisoku! Zokusha King BU no BU  Butchigiri Densetsu 2 Kai  PS2
No video found for Simple 2000 Series Vol 13  Onna no Ko no Tame no  The Ren'ai Adventure  Garasu no Mori  PS2
No video found for Simple 2000 Series Vol 36  The Musume Ikusei Simulation  Otousan to Issho  PS2
No video found for Simple 2000 Series Vol 44  The Hajimete no RPG  Densetsu no Keishousha  PS2
No video found for Simple 2000 Series Vol 97  The Koi no Engine  Darling Special Backlash  Koi no Exhaust Heat  PS2
No video found for Simple 2000 Ultimate Series Vol 11  Wandaba Style Totsugeki! Mix Ki Juice  PS2
No video found for Siscon  Saiminjutsushi Oniichan to Namaiki na Imouto  PC
No video found for Skylock  Kamigami to Unmei no Itsutsuko  Mobile
No video found for Soshite Bokura wa,  and He Said  PS2
No video found for Soshite Kono Uchuu ni Kirameku Kimi no Shi XXX  PS2
No video found for Soshite Kono Uchuu ni Kirameku Kimi no Uta  PS2
No video found for Soukou Kihei Votoms Gaiden  Blue Knight Bersaga Story  PS1
No video found for Soukou Musume Mizel Crisis  Mobile
No video found for Spectral Force 2  Eien Naru Kiseki  PS1
No video found for Spirit Stones  Anguish of Lysis  Mobile
No video found for Staar Mazer  DSP  PC

No video found for 12Riven  The PsiCliminal of Integral  PS2
No video found for ARessha de Ikou 2001  PS2
No video found for ARessha de Ikou Z  Mezase! Tairiku Oudan  PS1
No video found for AIII  ARessha de Ikou 3  PC Engine
No video found for A5  ARessha de Ikou 5  PS1
No video found for AFTERLOST Shoumetsu Toshi  Mobile
No video found for Amanatsu Aru Manatsu no Hajimete no Ohanashi  PC
No video found for Anekan  Oneechan Kansatsu Nikki  PC
No video found for Aquarius Baseball  Genkai no, sono saki he  Wii
No video found for Arcana Famiglia  La storia della Aracana Famiglia  Ancora  Vita
No video found for Athena no Kateiba  Family Game  PS1
No video found for Ayakashi Gohan  Oomori!  Vita
No video found for Ayakashi Yuukaku  Oiran Amabie Mindanshuu  PC
No video found for Bara no Ki ni Bara no Hanasaku  Das Versprechen  PS2
No video found for Bentou no Subarashisa o Ano 2Tabi 3Tabi  Vita
No video found for Biko  Yoru no Kaerimichi  PC
No video found for Bizarre de Gozarre no Game de Gozarre  PC Engine
No video found for BlueSkyBlue  Aki wo Mau Tsubasa  Dreamcast
No video found for Boku no Yumemiru Mirai  Mobile
No video found for Boku wa Mori Sekai no Kami Tonaru  Vita
No video found for Border Break Mobile  Shippuu no Gun Front  Mobile
No video found for Brandel no Mahoutsukai  Vita
No video found for Breath of Fire 6  Hakuryuu no Shugoshatachi  Mobile
No video found for Canvas 3  Tanshoku no Pastel  PS2
No video found for Capcom Generation 5  Dai 5 Shuu Kakutoukatachi  Saturn
No video found for Castle Fantasia 3 ~Erencia Senki~ Plus stories  PS2
No video found for Chanter  ~Kimi no Uta ga Todoitara#~  PS2
No video found for Chelseasan wa 7 no Majin o Bussatsu Saneba Naranai  Vita
No video found for Chouchou Jiken Rhapsodic  Vita
No video found for Confidential Money  300Hi de 3000Man Dol Kasegu Houhou  PSP
No video found for Cradle Song  Kinou ni Kanaderu Ashita no Uta  PC
No video found for Crayon Tulip  Chidori to Koruri no Yuuwaku Jugyou  PC
No video found for DSDal Segno  Vita
No video found for DIGICALIZED  Mobile
No video found for DRAMAtical Murder recode  Vita
No video found for Dainikai Imouto Senbatsu Sousenkyo  366ninme no Imouto Icha Love Gojitsudan   PC
No video found for Dakishimete Goshujinsama!  PC
No video found for Daredemo Shodan ni Nareru Igo Kyoushitsu  Vita
No video found for Dawn of Empire  Taejo Wang Geon Jegukui Achim  PC
No video found for Dear Magi Mahou Shounen Gakka  Switch
No video found for Dekoboko Densetsu  Hashiru Wagamanmar  PC Engine
No video found for Denpashounenteki Kenshouseikatsu Soft Nasubi no Heya  Dreamcast
No video found for Digital Keiba Shinbun  My Trackman  Dreamcast
No video found for Dorori Ama Ero Gohoushi Seikatsu!  PC
No video found for ECLIPSE Zettai Reido Keikaku Soushitsu Shoujo  PC
No video found for Eiga Sumikko Gurashi  Aoi Tsukiyo no Mahou no Ko  Game de Asobo! Eiga no Sekai  Switch
No video found for Eiga Sumikko Gurashi  Tobidasu Ehon to Himitsu no Ko  Game de Asobou! Ehon no Sekai  Switch
No video found for EikenOu  Jun2Kyuuhen  DS
No video found for Eisei Meijin VI  Tsuushin Shougi Club  PS2
No video found for Elminage DS Remix  Yami no Fuo to Kamigami no Yubiwa  DS
No video found for Enkaku Sousa  Shinjitsu e no 23 Nichikan  PSP
No video found for Enkan no Memoria  Kakera Tomoshi  Vita
No video found for FateDream Striker  Mobile
No video found for Feng Zhi Dalu   Mobile
No video found for FiguatMate  PC
No video found for Flowers  Fuyuhen  Vita
No video found for Flowers  Tokihen  Vita
No video found for Frayed Knights  The Skull of S'makhDaon  PC
No video found for Fukakutei Sekai no Tantei Shinshi  Akugyou Futaasa no Jiken File  PS2
No video found for Futari Gurashi no Jijou  Mei no Nichijou Hen  PC
No video found for GMode Archives + Mikuni Field Combat  Switch
No video found for Gaia Master Kessen! Seiki ou Densetsu  Dreamcast
No video found for Gakuen Club  Himitsu no Nightclub  Vita
No video found for Gakuen Heaven  Okawari! Boy's Love Attack!  PS2
No video found for Galfro ~Gal's Frontier~  PC
No video found for Gendai Daisenryaku 2016  Chitsujo no Houkai  Haken Kokka Shittsui  Vita
No video found for Gendai Daisenryaku 2020  Yureru Sekai Chitsujo! Taikoku no Yabou to Sekai Taisen  Switch
No video found for Genji Koi Emaki  Vita
No video found for Gensou Manege  Switch
No video found for Gensou Rougoku no Kaleidoscope  Switch
No video found for Geten no Hana with Yume Akari  Aizouban  Vita
No video found for Getsuei no Kusari  Sakuran Paranoia  Vita
No video found for Girl Friend Beta  Kimi to Sugosu Natsuyasumi  Vita
No video found for Girls Book Maker ~Grimm to Sannin no Ohimesama~  PC
No video found for Gisou Shoujo to Kyokou no Machi  Mobile
No video found for Glass Hime to Kagami no Juusha  Switch
No video found for Grandmarche no Meikyuu  Mobile
No video found for Grisaia Phantom Trigger Vol55  PC
No video found for Gunka o Haita Neko  Vita
No video found for Gunka o Haita Neko  Switch
No video found for Gyakumei Tsukai no Shounen  Mobile
No video found for Gyakuten Yoshiwara ~Ougiya Hen~ Switch
No video found for Hakuouki  Yuugi Roku  Taishitachi no Daienkai  Vita
No video found for Hana Oboro  Sengokuden Ranki  Vita
No video found for Hanabi Shokunin Ninarou 2  PS2
No video found for Hanayaka Nari, Wa ga Ichizoku  Gentou Nostalgie  Vita
No video found for Hanayaka Nari, Wa ga Ichizoku  Modern Nostalgie  Vita
No video found for Haru e to Tsuzuku Oka  PC
No video found for Harukanaru Toki no Naka de 3  Unmei no Labyrinth  PS2
No video found for Harukanaru Toki no Naka de 6  Gentou Rondo  Vita
No video found for Haruoto Alice Gram  Snow Drop  Vita
No video found for Heiligenstadt no Uta  Vita
No video found for Henshin!!!  Pantsu ni Natte Kunkun Peropero  PC
No video found for Higurashi no Naku Koro ni Kizuna  Dai1Kan  Tatari  DS
No video found for Higurashi no Naku Koro ni Kizuna  Dai2Kan  Sou  DS
No video found for Higurashi no Naku Koro ni Kizuna  Dai3Kan  Rasen  DS
No video found for Higurashi no Naku Koro ni Kizuna  Dai4Kan  Kizuna  DS
No video found for Hiiragi Sou ~Onaji Yane no Shita de~  PC
No video found for Hisshou Pachinko PachiSlot Kouryaku Series DS Vol 1  Shinseiki Evangelion  Magokoro wo, Kimi ni  DS
No video found for Hisshou Pachinko PachiSlot Kouryaku Series DS Vol 2  CR Shinseiki Evangelion  Shito, Futatabi  DS
No video found for Hisshou Pachinko PachiSlot Kouryaku Series DS Vol 3  Shinseiki Evangelion  Yakusoku no Toki  DS
No video found for Hisshou Pachinko PachiSlot Kouryaku Series DS Vol 5  Shinseiki Evangelion  Tamashii no Kiseki  DS
No video found for Hisshou Pachinko PachiSlot Kouryaku Series Vol 10  CR Shin Seiki Evangelion  Kiseki no Kachi wa  PS2
No video found for Hisshou Pachinko PachiSlot Kouryaku Series Vol 13 Shinseiki Evangelion  Yakusoku no Toki  PS2
No video found for Hisshou Pachinko PachiSlot Kouryaku Series Vol 3  CR Marilyn Monroe  PS2
No video found for Hokenshitsu no Sensei to Shabondama Chuudoku no Joshu  PC
No video found for Home Maid  Owari no Tachi  PS2
No video found for Hoshifuru  Hoshi no Furu Machi  PS2
No video found for Hoshigari Empusa  PS2
No video found for Hoshiiro no Okurimono  PS2
No video found for Hoshiyomi no Tsumugu Uta  PC
No video found for Hyakka Ryouran Elixir  Record of Torenia Revival  Vita
No video found for Hyakka Yakou  Vita
No video found for Hyakki Ryouran no Yakata x Kawarazakike no Ichizoku  PC
No video found for Ikemen Sengoku  Toki o Kakeru Koi  Aratanaru Deai  Vita
No video found for Ikemen Sengoku  Toki o Kakeru Koi  Aratanaru Deai  Switch
No video found for Ikemen Villains  Wrapped in Wicked Romance   Mobile
No video found for Imouto Neet Kousei Choukyou  PC
No video found for Imouto Piano  Oniichan no Ookina Tact de Rhythm o Kizande!   PC
No video found for Imouto Watashi Donna Koto Datte   PC
No video found for Inaho no Mirai DVDROM Edition  PC
No video found for Inu Kaisha DS  DS
No video found for Iyashi no Megami no Marmot  PC
No video found for Izumo 2  Gakuen Kyousoukyoku Double Tact  PS2
No video found for Izuna Zanshinken  PC
No video found for JangNavi Mahjong Online  Switch
No video found for Jansei Utahime Chrono Star  PSP
No video found for Jianxi Tianshi 2 Shuangzixing  PC
No video found for Justy x Nasty  Maou Hajime Mashita  Vita
No video found for Juujigen Rippoutai Cypher  Game of Survival  PS2
No video found for Kaeru Batake de Tsukamaete  Switch
No video found for Kaeru Batake de Tsukamete  Natsu Senbokuryou Sansen  PS2
No video found for Kagamihara  Justice  Switch
No video found for Kagi o Kakushita Kago no Tori  Bird in Cage Hiding the Key  PC
No video found for Kaiji VR  Zetsubou no Tekkotsu Watari  Switch
No video found for Kaiketsu  Osabakina  PS2
No video found for Kaitou Apricot Kanzenban  PS2
No video found for Kakuriyo no Saiyaku to Utsushiyo no Ikusabime ~Kirie Hen~  PC
No video found for Kaminazo  Mirai kara no Omoi de  Switch
No video found for Kamisama  Kazoku Ouen Ganbou  PS2
No video found for Kannagi no Mori Satsukiame Tsuzuri  Vita
No video found for Kao no nai Tsuki Select Story  PS2
No video found for Kardia Fantasy  Mamono Himetachi to Bouken Monogatari  Mobile
No video found for Kashimashi! Girl Meets Girl  Hajimete no Natsu Monogatari  PS2
No video found for Katahane  An' Call Belle  Vita
No video found for Katakamuna  Ushinawareta Ingaritsu  PS2
No video found for Keiken Zero na Classmate  Switch
No video found for Ken ga Kimi  Momoyo Tsuzuri  Vita
No video found for Kenka Bancho Otome  Kanzenmuketsu no My Honey  Vita
No video found for Keotoshi! Treasure Hunter!  Switch
No video found for Kiss Kara Hajimaru Gyaru no Koi  Kurumi no Uwasa to Honto no Kimochi  Switch
No video found for KissBell Let's sound the kissingbell of the promise  Switch
No video found for Kodomo ni Anshin Shite Ataerareru Game Series  Sekai Meisaku Douwa  Oyako de Yomeru Game Ehon Boukenhen + Princesshen  3DS
No video found for Koi no Hanasaku Hyakkaen  Switch
No video found for Koi wa Kousoku ni Shibararenai!  PSP
No video found for Koisuru Doll to Omoi no Kiseki  Poupee de Souhaits  PC
No video found for Koisuru Natsu no Last Resort  Sweetest Summer  PC
No video found for Kono Bushitsu wa Kitaku Shinai Bu ga Senkyo Shimashita Portable  Gakuen Dog Earhen  PSP
No video found for Kono Bushitsu wa Kitaku Shinai Bu ga Senkyo Shimashita Portable  Gakuen Summer Warshen  PSP
No video found for Kono Uta ga Owattara  When This Song is Over  Vita
No video found for Konohana Pack  3tsu no Jikenbo  PS2
No video found for Koroshiya to Strawberry  Vita
No video found for Koroshiya to Strawberry Plus  Switch
No video found for KouKyouSei Million Arthur  Mobile
No video found for Kyoto Kotoba RPG  Kotodaman  Mobile
No video found for Kyoukai no Shirayuki  Vita
No video found for LOVE QUIZ  Koisuru Shoujo no Final Answer  Vita
No video found for LaTale  Yumeiro Fantasy  Mobile
No video found for Last Escort 2  Shinya no Amai Toge  PS2
No video found for Last Period Owarinaki Rasen no Monogatari  Mobile
No video found for Linker Bell Academia  Rakudai Majo to Himitsu no Gishiki  PC
No video found for Little Hole  Ore no Musume ga Konna ni  na Hazu ga Nai  PC
No video found for Little Twins  Sugu ni Toriko ni Shite Ageru  PC
No video found for LonQ! Highland in DS  Pu Pu Seijin Arawaru!!  Shukketsu Dai Service! Onara no Saiten SP  DS
No video found for Love of Ren'ai Koutei of LOVE!  Vita
No video found for LoveCom  Punch de Court  PS2
No video found for MEGAMAN ZX PREQUEL v1114   PC
No video found for Mahjong Sengen  Saken de Ron  PS2
No video found for Mai x Mai  Sunao ni Narenai Imoutotachi to no Ecchi na Kyoudou Seikatsu  PC
No video found for MajiKyun! Renaissance  Vita
No video found for MajiTan  Maji de Tenshi o Sakutte Mita  Xbox 360
No video found for Majin Tantei Nougami Neuro  Battle de Yo!  PS2
No video found for Majo no Potion ~ Water Sort Puzzle ~  Switch
No video found for Majokko de'GO♪GO♪ ~Paul to Mira☆cle Daisakusen~  PC
No video found for Makai Ouji  Devils and Realist  Dairiou no Hihou  3DS
No video found for Maou to 100nin no Ohimesama  Mobile
No video found for Mashiro Iro Symphony  mutsunohana  PSP
No video found for Meiji Katsugeki High Kara Ryuuseikumi  Seihai Shimaseu, Yonaoshi Kagyou  Switch
No video found for Meitantei Conan Skateboard Run  Kaitou Kid to Shinpi no Hihou  Switch
No video found for Memories Off After Rain Vol 1  Oridzuru  PS2
No video found for Migite ga Tomaranai Boku to, Osananajimi no Shimai  PC
No video found for Minna de Dokusho  Genji Monogatari Chottodake Bungaku  PSP
No video found for Minna de Dokusho  Meisaku & Suiri & Kaidan & Bungaku  PSP
No video found for Minna de Dokusho  Torimonochou  PSP
No video found for Mizu no Kakera ~Once Summer of Islet~ Origin  PC
No video found for Mizu no Senritsu 2  Hi no Kioku  PS2
No video found for Moesta  Moeru Toudai Eigojuku  DS
No video found for Mojimoji Chibikko Mahou Gakuen  Itaku Shicha Iyada yo  PC
No video found for Monster wo Taoshite Tsuyoi Ken ya Yoroi wo Te ni Shinasai Shindemo Akiramezu ni Tsuyoku Narinasai Yuusha Tai ga Maou wo Taosu  Switch
No video found for Morita no Saikyou Reversi  Dreamcast
No video found for Moshi, Kono Sekai ni Kamisama ga Iru to suru Naraba  Vita
No video found for MoujuuTachi to Ohimesama  Vita
No video found for Mousou Kagaku ADV Chaos;Child  Switch
No video found for Mousou Speaker  H na Mousou ga Kikoete Kuru yo  PC
No video found for My Love  Chaos Daejakjeon  PC
No video found for My Next Life as a Villainess  All Routes Lead to Doom!  Pirates that Stir the Waters  Switch
No video found for Mystereet  Yasogami Kaoru no Jiken File  PS2
No video found for NOeSIS  Uso o Tsuita Kioku no Monogatari  Mobile
No video found for NOeSIS Utau Kage no Gikyoku  Mobile
No video found for NOeSIS 02  Uka  Mobile
No video found for Naisho no Yorimichi  PC
No video found for Najavu no Daibouken  My Favorite Namjatown  PS1
No video found for Namaiki Datta, Akanechan  47sai Mushoku Kimodebu ga Shiiku Shite Tokunou Sex ni Hamarasechau Nikki  PC
No video found for Nanami to Konomi no Oshiete ABC  PC
No video found for Nanatsuiro Drops DS  Touch de Hajimaru Hatsukoi Monogatari  DS
No video found for Nascence The Tie Of Heaven  TianDi Jie Wai Zhang Huan Shen Jie  PC
No video found for Natsu Ecchi  Mei to Inaka no Natsuyasumi  PC
No video found for Natsu Iro Mikan  Ecchi na Shoujo to Shitataru Nioi  PC
No video found for Natsu Shoujo  Promised Summer  PS2
No video found for Natsuiro  Hoshikuzu no Memory  PS2
No video found for Natsuyume Yobanashi Yawa  PS2
No video found for Nekketsu Inou Bukatsu  Trigger Kiss  Vita
No video found for Nelke to Densetsu no Renkinjutsushi Tachi ~Aratana Daichi no Atelier~  Vita
No video found for Neptunia re★Verse   PS5
No video found for Niizuma wa Sailor Fuku  PC
No video found for Nijiiro Kanojo  Mobile
No video found for Nil Admirari no Tenbin  Irodori Nadeshiko  Switch
No video found for Nogizaka Haruka no Himitsu  Doujinshi Hajime Mashita  PSP
No video found for Nora to Koujo to Noraneko Heart  Vita
No video found for Norinori Relakkuma  Hit Song Ongakusai  DS
No video found for Norn + Nonette Act Tune  Vita
No video found for North Wind  Eien no Yakusoku  PS2
No video found for Nozomi Kanaetamae  Daydream Reconstruct  PSP
No video found for Ojousama to Aware na  Shitsuji  PC
No video found for Omoshiro Action Ii Otonatachi no Daibouken  Switch
No video found for Onsei Ninshiki Mahjong  Jahmang  Dreamcast
No video found for Oogami Ichirou Funtouki  Sakura Taisen Kayou Show ''Kurenai Sekiek'' Yori  Dreamcast
No video found for Oppai Chiisakute Nani ga Warui no sa!  PC
No video found for Ore ga Kantoku da! Gekitou Pennant Race  PS2
No video found for Osanasugiru Katei Kyoushi  PC
No video found for Osanasugiru Osanazuma  Omukaisan ni Damasarete  PC
No video found for Oshiete! Yuiko Sensei   o Oboeru Otona no Seikyouiku Lesson!!  PC
No video found for Oshikake Scramble  Ano Ko to Watashi, Docchi o Erabu no  PC
No video found for Otama!  Otaku Nakama wa Chikkoi Mania   PC
No video found for Otoko Yuukaku  Vita
No video found for Otome Renshin Prister Fandisc  Motto H ni Koi Seyo Otome!  PC
No video found for Otome Riron to Sono Shuuhen  Bon Voyage  Vita
No video found for Otometeki Koi Kakumei  Love Revo!! 100kg KarahajimaruKoimonogatari  PSP
No video found for Ouka Kokoro Kagayakaseru Sakura  PS2
No video found for Ouka Sabaki Zan  Vita
No video found for Ouma ga Toki  Kakuriyo no Enishi  Vita
No video found for Oyako de Asoberu DS Ehon  Ukkari Penelope  DS
No video found for PING 15+ Nami Tentou Mushi) Wii U
No video found for PachiSlot Kanzen Kouryaku  Gigazone  The Meteor Strike  PS2
No video found for Pachinko no Dendou CR Nanashii  Dreamcast
No video found for Pachislot Gyakuten Saiban  Mobile
No video found for Parodion  Auto Crusher Palladium  PC Engine
No video found for Pia Carrot e Youkoso!! 4  Natsu no Koikatsu  Xbox 360
No video found for Pixel Game Maker Series Osyaberi! Horijo! Holin Slash  Switch
No video found for Piyotan  Oyashiki Sennyuu Daisakusen!  PS2
No video found for Pizzicato Polka  Suisei Genya  PS2
No video found for Poi! Hito Natsu no Keiken!  PS2
No video found for Police X Heroine Lovepatrina! Love na Rhythm de Taiho Shimasu!  Switch
No video found for PriPri Chichan! PriPri DecoRoom!  3DS
No video found for Primopuel  Oshaberi Heartner  PS2
No video found for Pro Yakyuu Team o Tsokouru! 3  PS2
No video found for Project Discovery  Daidai Daisuki!  Vita
No video found for Quiz Ah! Megamisama  Tatakau Tsubasa Totomo Ni  Dreamcast
No video found for Quiz Present Variety QSama!! DS  Pressure Study x Atama Ga Yokunaru Drill SP  DS
No video found for REC  DokiDoki Seiyuu Paradise  PS2
No video found for Raimuiro Senkitan Jun  Meiji Nihon, Otome Sakimorisu  PS2
No video found for Ranshima Monogatari Rare Land Story  Shoujo no Yakujou Remake  Switch
No video found for Rasen Reijoh Spiral Ojousama Chohatsu no Makina  Switch
No video found for ReiJinGLuP  Vita
No video found for Remyuouru no Renkinjutsushi  DS
No video found for Renai Banchou  Inochi Meishi, Koiseyo Otome! Love is Power!!!  PSP
No video found for Renai Banchou 2  Midnight Lesson!!!  PSP
No video found for Renshin no Astral  Mobile
No video found for Retro Mystery Club Vol 1  The IseShima Case Ise Shima Mystery Annai  Itsuwari no Kuro Shinju]  Switch
No video found for Rinne no Lagrange  Kamogawa Days Game & OVA Hybrid Disc  PS3
No video found for Root Double  Before Crime ∗ After Days  Xtend Edition  Switch
No video found for Saishuu Shiken Kujira  Alive  PS2
No video found for Sangoku Hime 4  Tenka Ryouran  Tenmei no Koi Emaki  Vita
No video found for Sangoku Koi Senki  Otome no Heihou!  PS2
No video found for Sangoku Rensenki  Otome no Heihou!  PS2
No video found for Sangoku Rensenki  Otome no Heihou!  Vita
No video found for Sangoku Rensenki  Otome no Heihou! Omoide Gaeshi  CS Edition  Vita
No video found for Sangoku Rensenki ~Omoide Gaeshi~ & Gakuen Rensenki  Switch
No video found for Sanyo Pachinko Paradise 11  Shin Umi to Saraba Gintama no Ookami  PS2
No video found for Sanyo Pachinko Paradise 3  Wanwan Daikoushin  PS1
No video found for Sanyo Pachinko Paradise 4  Sushiya da Gensan!!  PS1
No video found for Sanyo Pachinko Paradise 9  Shin Umi Okawari!  PS2
No video found for Satomi ~Yami no Kyouzou~  PC
No video found for School Rumble  Neruko wa Sodatsu  PS2
No video found for Sdorica Puzzle Tactical RPG v 341  Mobile
No video found for Seiken Tsukai no Proposition Proposition to the Holy Key Contractant  PC
No video found for Seitokai no Ichizon  DSsuru Seitokai  DS
No video found for Sekai Fushigi Hakken! Troia  Mystery Adventure 1183 BC  Dreamcast
No video found for Sekai de Ichiban NG na Koi  Full House  PSP
No video found for Semerare  Imouto de Kanjiru nante, Oniichan wa Hentai Nanda ne  PC
No video found for Sengo Muramasa DX  Guren no Kettou  PS4
No video found for Sengoku Hime 4  Souha Hyakkei Hana Mamoru Chikai  Vita
No video found for Sengoku Hime 5  Senkatatsu Haoh no Keifu  Vita
No video found for Sengoku Hime 5  Senkatatsu Haou no Keifu  PS4
No video found for Sengoku TURB  Fanfan I Love me Duncedoublentendre  Dreamcast
No video found for Sengoku TURB Fanfan I love me Dancedoubletendre  Dreamcast
No video found for Shadowrun Returns + Shadowrun Dragonfall v22010  PC
No video found for Shimai Kyoushi Donburi  The sexy class of the sister teachers  PC
No video found for Shin Master of Monsters Final EX  Mukunaru Nageki, Tenmei no Saika  PS2
No video found for Shinobi, Koi Utsutsu  Kanmitsu Hana Emaki  Vita
No video found for Shinobi, Koi Utsutsu  Setsugetsuka Koi Emaki  Vita
No video found for Shinsouhan Heart no Kuni no Alice  Wonderful Wonder World  PSP
No video found for Shinsouhan Heart no Kuni no Alice  Wonderful Wonder World  Vita
No video found for Shinya Ichizoku The Battle for Hokkaido's Delicious Foods  Switch
No video found for Shitsuji ga Aruji o Erabu Toki  Vita
No video found for Shoujo Slave  Ojousama wa Katei Kyoushi no Seieki Ningyou  PC
No video found for Shoujo Yoshitsuneden Ni  Toki wo Koeru Chigiri  PS2
No video found for Shoujo Yoshitsunejong  Benkei no Naki Dokoro  PS2
No video found for Shounen Onmyouji  Tsubasa yo Ima, Sora e Kaere  PS2
No video found for Shuuchuu Chiryoushitsu  PC
No video found for Sidonia no Kishi   Shoui no Kizuna  Mobile
No video found for Silver Norrnir   Switch
No video found for Simple 2000 Series Ultimate Vol 25  Chou Saisoku! Zokusha King BU no BU  Butchigiri Densetsu 2 Kai  PS2
No video found for Simple 2000 Series Vol 13  Onna no Ko no Tame no  The Ren'ai Adventure  Garasu no Mori  PS2
No video found for Simple 2000 Series Vol 36  The Musume Ikusei Simulation  Otousan to Issho  PS2
No video found for Simple 2000 Series Vol 44  The Hajimete no RPG  Densetsu no Keishousha  PS2
No video found for Simple 2000 Series Vol 97  The Koi no Engine  Darling Special Backlash  Koi no Exhaust Heat  PS2
No video found for Simple 2000 Ultimate Series Vol 11  Wandaba Style Totsugeki! Mix Ki Juice  PS2
No video found for Siscon  Saiminjutsushi Oniichan to Namaiki na Imouto  PC
No video found for Skylock  Kamigami to Unmei no Itsutsuko  Mobile
No video found for Soshite Bokura wa,  and He Said  PS2
No video found for Soshite Kono Uchuu ni Kirameku Kimi no Shi XXX  PS2
No video found for Soshite Kono Uchuu ni Kirameku Kimi no Uta  PS2
No video found for Soukou Kihei Votoms Gaiden  Blue Knight Bersaga Story  PS1
No video found for Soukou Musume Mizel Crisis  Mobile
No video found for Spectral Force 2  Eien Naru Kiseki  PS1
No video found for Spirit Stones  Anguish of Lysis  Mobile
No video found for Staar Mazer  DSP  PC
No video found for Steam Prison  Nanatsu no Bitoku  Vita
No video found for Sudoku and Permudoku  Wii U
No video found for Sudoku und Kakuro  Welt Edition  PSP
No video found for Sugar Sugar Rune  Koimo Osharemo Pick Up!  PS2
No video found for Sugar+Spice! ~Ano Kono Suteki na Nanimokamo~  PS2
No video found for Suiei Kyoushitsu  Fuyu de mo School Mizugi  PC
No video found for Suiheisenma de Nani Mile Original Flight  PSP
No video found for Suki na Mono wa Suki Dakara Shou ga Nai!! First Limit & Target Nights  Sukisyo! Episode 1 & 2  PS2
No video found for Sweet Clown  Gozen Sanji no Okashi na Doukeshi  Vita
No video found for Sweet Legacy ~Boku to Kanojo no Ama~i Kankei~   PC
No video found for Taiheiyou no Arashi  Koukoku no Kouhai Kokoniari, 1942 Senkan Yamato Hankou no Goujuu  Vita
No video found for Taiheiyou no Arashi  Shijousaidai no Gekisen Normandy Koubousen  Vita
No video found for Taishou Mebiusline  Teito Bibouroku Hare  Vita
No video found for Taka no Tsume VS Hae no Hane Dan  Switch
No video found for Takeout! DS Series 1  Tetsudou Data File  DS
No video found for Takuramakan  Tonkoudenki  Saturn
No video found for Tashika ni Kimi wa Koko ni Ita  You were certainly here  PC
No video found for Tasogare no Gradsil  Mobile
No video found for Teikoku Sensenki  PS2
No video found for Tenchou no Igo  PS3
No video found for Tenkuu no Craft Fleet  Mobile
No video found for Tenshi no Hane wo Fumanaide  PC
No video found for Tetjis  Switch
No video found for Tir Na Nog  Yuukyuu no Jin  PS2
No video found for Tokuten Ryoku Gakushuu DS  Chuugaku Jitsugi 4 Kyouka  DS
No video found for Tokyo Nyoshuu Shuukanjo  PC
No video found for Tokyo Onmyouji  Tengen Jibashi  Rei no Baai  V Edition  Vita
No video found for Torakapuu! Dash!!  PS2
No video found for Torikago no Mukougawa  PS2
No video found for Touhou Genso Maroku W  The Devil of Decline  Vita
No video found for Tsugi no Giseisha wo Oshirase Shimasu  Shi to Zetsubou wo Nori Koeru  PSP
No video found for Tsuki no Michibiki Kumo Haruka  PC
No video found for Tsukumo Onna Aoe  PC
No video found for Tsumikui  Sen no Noroi, Sen no Inori for V  Vita
No video found for Tsurupeta!  Chippai wa Seikou no Moto  PC
No video found for Twin Way ~Ima o Dakishimete~ Regular Edition  PC
No video found for Uberich Advent Sinners Demo  PC
No video found for Uchi no Kishi Danchoo wa Dooyara  Mobile
No video found for Uchujintte Naani  PS2
No video found for Uchuu Seibutsu Furoponkun  3DO
No video found for Uli Yaongiegen Jangaega Isseoyo  PC
No video found for UltraVixen 2  Demon Seed  PC
No video found for Umezawa Yukari no Yasashii Igo  DS
No video found for Usotsuki ShangriLa  Vita
No video found for Utau  Tumbling Dice ~Watachi 3 nin Ageru~  PS2
No video found for Utsusemi no Meguri  Vita
No video found for VirtualOn  Oratorio Tangran Ver566  Xbox 360
No video found for Watashi, Nasu de Tobimasu I can fly with NASU  Mobile
No video found for WeAreAsterisk  PS2
No video found for Will O' Wisp  Easter no Kiseki  PS2
No video found for Wonder Gravity  Pino to Juuryoku Tsukai  Mobile
No video found for Wonderful Everyday Diskontinueierliches Dasein  PC
No video found for Xiyou Ji  Qitian Dasheng Pian  PC
No video found for Yamasa Digi Portable  Matsuri no Tatsujin  Winchan no Natsumatsuri  PSP
No video found for Yamiyo ni Sasayaku  Meitantei Kyouichirou Sagara  PS2
No video found for Yasei Shoujo  Mobile
No video found for YoKai Watch 4  Bokura wa Onajikara o Miage Tale  Switch
No video found for Youjo Ranbu ~Yogosareta Seiiki~  PC
No video found for Yukigatari Renewal Edition  PS2
No video found for Yuru Camp Sankaku Have a nice day!  Switch
No video found for Yuru Yuru Gekijou  Gekijouban  2 & 3  Switch
No video found for Yuru Yuru Gekijou  Gekijouban  Ichi  Switch
No video found for Yuukyuu no Tierblade  Fragments of Memory  Vita
No video found for Yuusha no Kuse ni Konamaiki da  Yunama  The Puzzle  Vita
No video found for Zansuu Driller  Switch
No video found for Zettai Kaikyuu Gakuen  Eden with Roses and Phantasm  Vita
